UA lookup 1: 'abc' 
UA lookup 2: 'xyz' 
UA lookup 3: 'xyz' 
UA lookup 4: 'xyz' 
UA lookup 5: '123' 
UA lookup 6: '123' 
UA lookup 7: '123s' 
UA lookup 8: 'cat' 
UA lookup 9: 'bat' 
UA lookup 10: 'mat' 
UA lookup 11: 'sat' 
UA lookup 12: 'vat' 
UA lookup 13: 'rat' 
UA lookup 14: 'unknown' 
UA lookup 15: 'test34' 
UA lookup 16: 'test3' 
UA lookup 17: 'test1' 
UA lookup 18: 'test12' 
UA lookup 19: 'test56' 
UA lookup 20: 'test5' 
UA lookup 21: 'test8' 
UA lookup 22: 'test89' 
UA lookup 23: 'settest2' 
UA lookup 24: 'settest' 
UA lookup 25: 'settest2' 
UA lookup 26: 'settest' 
UA lookup 27: 'settest3' 
UA lookup 28: 'unknown' 
UA lookup 29: 'g123' 
UA lookup 30: 'g123' 
UA lookup 31: 'g123' 
UA lookup 32: 'unknown' 
UA lookup 33: 'unknown' 
UA lookup 34: 'p123456n' 
UA lookup 35: 'p123456s' 
UA lookup 36: 'ptest2' 
UA lookup 37: 'ptest1' 
UA lookup 38: 'ptest3' 
UA lookup 39: 'unknown' 
UA lookup 40: 'pteste' 
UA lookup 41: 'pteste' 
UA lookup 42: 'fullsa' 
UA lookup 43: 'fullsa' 
UA lookup 44: 'fulls' 
UA lookup 45: 'unknown' 
UA lookup 46: 'sfulls' 
UA lookup 47: 'sfulls2' 
UA lookup 48: 'unknown' 
UA lookup 49: 'wtest100' 
UA lookup 50: 'wtest25' 
UA lookup 51: 'wtest5b' 
UA lookup 52: 'wtest5' 
UA lookup 53: 'wtest' 
UA lookup 54: 'unknown' 
UA lookup 55: 'thiss' 
UA lookup 56: 'thise' 
UA lookup 57: 'middle' 
UA lookup 58: 'bbbb' 
UA lookup 59: 'bbba' 
UA lookup 60: 'bbba' 
UA lookup 61: 'bbbbm' 
UA lookup 62: 'bbba' 
UA lookup 63: 'bbbbm' 
UA lookup 64: 'bbbam' 
UA lookup 65: 'delt' 
UA lookup 66: 'quote' 
